

================================================================
== Vivado HLS Report for 'huffman_encoding'
================================================================
* Date:           Fri Nov 13 12:04:33 2020

* Version:        2019.2 (Build 2704478 on Wed Nov 06 22:10:23 MST 2019)
* Project:        hls_huffman_encoding
* Solution:       solution1
* Product family: zynq
* Target device:  xc7z020-clg484-1


================================================================
== Performance Estimates
================================================================
+ Timing: 
    * Summary: 
    +--------+---------+----------+------------+
    |  Clock |  Target | Estimated| Uncertainty|
    +--------+---------+----------+------------+
    |ap_clk  | 5.00 ns | 4.559 ns |   0.63 ns  |
    +--------+---------+----------+------------+

+ Latency: 
    * Summary: 
    +---------+---------+----------+----------+-----+-----+----------+
    |  Latency (cycles) |  Latency (absolute) |  Interval | Pipeline |
    |   min   |   max   |    min   |    max   | min | max |   Type   |
    +---------+---------+----------+----------+-----+-----+----------+
    |        ?|        ?|         ?|         ?|    ?|    ?| dataflow |
    +---------+---------+----------+----------+-----+-----+----------+

    + Detail: 
        * Instance: 
        +-------------------------+----------------------+---------+---------+-----------+-----------+------+------+---------+
        |                         |                      |  Latency (cycles) |   Latency (absolute)  |   Interval  | Pipeline|
        |         Instance        |        Module        |   min   |   max   |    min    |    max    |  min |  max |   Type  |
        +-------------------------+----------------------+---------+---------+-----------+-----------+------+------+---------+
        |sort_U0                  |sort                  |      379|     4732|  1.895 us | 23.660 us |   379|  4732|   none  |
        |create_tree_U0           |create_tree           |        4|     1279| 20.000 ns |  6.395 us |     4|  1279|   none  |
        |compute_bit_length_U0    |compute_bit_length    |        ?|        ?|          ?|          ?|     ?|     ?|   none  |
        |create_codeword_U0       |create_codeword       |     1312|     1312|  6.560 us |  6.560 us |  1312|  1312|   none  |
        |truncate_tree_U0         |truncate_tree         |     1467|     1575|  7.335 us |  7.875 us |  1467|  1575|   none  |
        |canonize_tree_U0         |canonize_tree         |      258|     2562|  1.290 us | 12.810 us |   258|  2562|   none  |
        |filter_U0                |filter                |      261|      261|  1.305 us |  1.305 us |   261|   261|   none  |
        |Loop_copy_sorted_pro_U0  |Loop_copy_sorted_pro  |        1|     1534|  5.000 ns |  7.670 us |     1|  1534|   none  |
        |Block_proc_U0            |Block_proc            |        0|        0|    0 ns   |    0 ns   |     0|     0|   none  |
        |Block_codeRepl1012_p_U0  |Block_codeRepl1012_p  |        0|        0|    0 ns   |    0 ns   |     0|     0|   none  |
        +-------------------------+----------------------+---------+---------+-----------+-----------+------+------+---------+

        * Loop: 
        N/A



================================================================
== Utilization Estimates
================================================================
* Summary: 
+-----------------+---------+-------+--------+-------+-----+
|       Name      | BRAM_18K| DSP48E|   FF   |  LUT  | URAM|
+-----------------+---------+-------+--------+-------+-----+
|DSP              |        -|      -|       -|      -|    -|
|Expression       |        -|      -|       0|     60|    -|
|FIFO             |        3|      -|     132|    270|    -|
|Instance         |       10|      -|    3636|   6529|    0|
|Memory           |       10|      -|      36|     18|    0|
|Multiplexer      |        -|      -|       -|     81|    -|
|Register         |        -|      -|       9|      -|    -|
+-----------------+---------+-------+--------+-------+-----+
|Total            |       23|      0|    3813|   6958|    0|
+-----------------+---------+-------+--------+-------+-----+
|Available        |      280|    220|  106400|  53200|    0|
+-----------------+---------+-------+--------+-------+-----+
|Utilization (%)  |        8|      0|       3|     13|    0|
+-----------------+---------+-------+--------+-------+-----+

+ Detail: 
    * Instance: 
    +-------------------------+----------------------+---------+-------+------+------+-----+
    |         Instance        |        Module        | BRAM_18K| DSP48E|  FF  |  LUT | URAM|
    +-------------------------+----------------------+---------+-------+------+------+-----+
    |Block_codeRepl1012_p_U0  |Block_codeRepl1012_p  |        0|      0|    11|    38|    0|
    |Block_proc_U0            |Block_proc            |        0|      0|    11|    29|    0|
    |Loop_copy_sorted_pro_U0  |Loop_copy_sorted_pro  |        0|      0|    83|   142|    0|
    |canonize_tree_U0         |canonize_tree         |        0|      0|    99|   248|    0|
    |compute_bit_length_U0    |compute_bit_length    |        1|      0|   356|   623|    0|
    |create_codeword_U0       |create_codeword       |        0|      0|   272|   548|    0|
    |create_tree_U0           |create_tree           |        4|      0|   610|   865|    0|
    |filter_U0                |filter                |        0|      0|   107|   151|    0|
    |sort_U0                  |sort                  |        5|      0|  1935|  3408|    0|
    |truncate_tree_U0         |truncate_tree         |        0|      0|   152|   477|    0|
    +-------------------------+----------------------+---------+-------+------+------+-----+
    |Total                    |                      |       10|      0|  3636|  6529|    0|
    +-------------------------+----------------------+---------+-------+------+------+-----+

    * DSP48E: 
    N/A

    * Memory: 
    +--------------------------+----------------------+---------+----+----+-----+------+-----+------+-------------+
    |          Memory          |        Module        | BRAM_18K| FF | LUT| URAM| Words| Bits| Banks| W*Bits*Banks|
    +--------------------------+----------------------+---------+----+----+-----+------+-----+------+-------------+
    |filtered_value_V_U        |huffman_encoding_ncg  |        1|   0|   0|    0|   256|    9|     2|         4608|
    |sorted_0_U                |huffman_encoding_ncg  |        1|   0|   0|    0|   256|    9|     2|         4608|
    |sorted_copy2_value_V_U    |huffman_encoding_ncg  |        1|   0|   0|    0|   256|    9|     2|         4608|
    |filtered_frequency_V_U    |huffman_encoding_ocq  |        1|   0|   0|    0|   256|   32|     2|        16384|
    |sorted_1_U                |huffman_encoding_ocq  |        1|   0|   0|    0|   256|   32|     2|        16384|
    |parent_V_U                |huffman_encoding_sc4  |        1|   0|   0|    0|   255|    9|     2|         4590|
    |left_V_U                  |huffman_encoding_sc4  |        1|   0|   0|    0|   255|    9|     2|         4590|
    |right_V_U                 |huffman_encoding_sc4  |        1|   0|   0|    0|   255|    9|     2|         4590|
    |length_histogram_V_U      |huffman_encoding_vdy  |        0|  18|   9|    0|    64|    9|     2|         1152|
    |truncated_length_his_1_U  |huffman_encoding_vdy  |        0|  18|   9|    0|    64|    9|     2|         1152|
    |truncated_length_his_U    |huffman_encoding_wdI  |        1|   0|   0|    0|    64|    9|     2|         1152|
    |symbol_bits_V_U           |huffman_encoding_yd2  |        1|   0|   0|    0|   256|    5|     2|         2560|
    +--------------------------+----------------------+---------+----+----+-----+------+-----+------+-------------+
    |Total                     |                      |       10|  36|  18|    0|  2493|  150|    24|        66378|
    +--------------------------+----------------------+---------+----+----+-----+------+-----+------+-------------+

    * FIFO: 
    +------------------------+---------+----+----+-----+------+-----+---------+
    |          Name          | BRAM_18K| FF | LUT| URAM| Depth| Bits| Size:D*B|
    +------------------------+---------+----+----+-----+------+-----+---------+
    |extLd9_loc_channel_U    |        0|   5|   0|    -|     2|    9|       18|
    |extLd_loc_c21_U         |        0|   5|   0|    -|     2|    9|       18|
    |extLd_loc_c22_U         |        0|   5|   0|    -|     2|    9|       18|
    |extLd_loc_c_U           |        0|   5|   0|    -|     2|    9|       18|
    |n_c20_U                 |        0|   5|   0|    -|     3|    9|       27|
    |n_c_U                   |        0|   5|   0|    -|     2|    9|       18|
    |sorted_copy1_0_chann_U  |        1|  37|   0|    -|   256|    9|     2304|
    |sorted_copy1_1_chann_U  |        2|  60|   0|    -|   256|   32|     8192|
    |val_assign7_loc_c_U     |        0|   5|   0|    -|     5|    9|       45|
    +------------------------+---------+----+----+-----+------+-----+---------+
    |Total                   |        3| 132|   0|    0|   530|  104|    10658|
    +------------------------+---------+----+----+-----+------+-----+---------+

    * Expression: 
    +----------------------------------------------+----------+-------+---+----+------------+------------+
    |                 Variable Name                | Operation| DSP48E| FF| LUT| Bitwidth P0| Bitwidth P1|
    +----------------------------------------------+----------+-------+---+----+------------+------------+
    |Loop_copy_sorted_pro_U0_ap_start              |    and   |      0|  0|   2|           1|           1|
    |Loop_copy_sorted_pro_U0_start_full_n          |    and   |      0|  0|   2|           1|           1|
    |ap_channel_done_filtered_frequency_V          |    and   |      0|  0|   2|           1|           1|
    |ap_channel_done_filtered_value_V              |    and   |      0|  0|   2|           1|           1|
    |ap_channel_done_left_V                        |    and   |      0|  0|   2|           1|           1|
    |ap_channel_done_parent_V                      |    and   |      0|  0|   2|           1|           1|
    |ap_channel_done_right_V                       |    and   |      0|  0|   2|           1|           1|
    |ap_channel_done_sorted_0                      |    and   |      0|  0|   2|           1|           1|
    |ap_channel_done_sorted_1                      |    and   |      0|  0|   2|           1|           1|
    |ap_channel_done_truncated_length_his          |    and   |      0|  0|   2|           1|           1|
    |ap_channel_done_truncated_length_his_1        |    and   |      0|  0|   2|           1|           1|
    |ap_idle                                       |    and   |      0|  0|   2|           1|           1|
    |ap_sync_done                                  |    and   |      0|  0|   2|           1|           1|
    |canonize_tree_U0_ap_start                     |    and   |      0|  0|   2|           1|           1|
    |compute_bit_length_U0_ap_start                |    and   |      0|  0|   2|           1|           1|
    |create_codeword_U0_ap_start                   |    and   |      0|  0|   2|           1|           1|
    |create_tree_U0_ap_continue                    |    and   |      0|  0|   2|           1|           1|
    |filter_U0_ap_continue                         |    and   |      0|  0|   2|           1|           1|
    |sort_U0_ap_continue                           |    and   |      0|  0|   2|           1|           1|
    |sort_U0_ap_start                              |    and   |      0|  0|   2|           1|           1|
    |truncate_tree_U0_ap_continue                  |    and   |      0|  0|   2|           1|           1|
    |ap_sync_channel_write_filtered_frequency_V    |    or    |      0|  0|   2|           1|           1|
    |ap_sync_channel_write_filtered_value_V        |    or    |      0|  0|   2|           1|           1|
    |ap_sync_channel_write_left_V                  |    or    |      0|  0|   2|           1|           1|
    |ap_sync_channel_write_parent_V                |    or    |      0|  0|   2|           1|           1|
    |ap_sync_channel_write_right_V                 |    or    |      0|  0|   2|           1|           1|
    |ap_sync_channel_write_sorted_0                |    or    |      0|  0|   2|           1|           1|
    |ap_sync_channel_write_sorted_1                |    or    |      0|  0|   2|           1|           1|
    |ap_sync_channel_write_truncated_length_his    |    or    |      0|  0|   2|           1|           1|
    |ap_sync_channel_write_truncated_length_his_1  |    or    |      0|  0|   2|           1|           1|
    +----------------------------------------------+----------+-------+---+----+------------+------------+
    |Total                                         |          |      0|  0|  60|          30|          30|
    +----------------------------------------------+----------+-------+---+----+------------+------------+

    * Multiplexer: 
    +--------------------------------------------------+----+-----------+-----+-----------+
    |                       Name                       | LUT| Input Size| Bits| Total Bits|
    +--------------------------------------------------+----+-----------+-----+-----------+
    |ap_sync_reg_channel_write_filtered_frequency_V    |   9|          2|    1|          2|
    |ap_sync_reg_channel_write_filtered_value_V        |   9|          2|    1|          2|
    |ap_sync_reg_channel_write_left_V                  |   9|          2|    1|          2|
    |ap_sync_reg_channel_write_parent_V                |   9|          2|    1|          2|
    |ap_sync_reg_channel_write_right_V                 |   9|          2|    1|          2|
    |ap_sync_reg_channel_write_sorted_0                |   9|          2|    1|          2|
    |ap_sync_reg_channel_write_sorted_1                |   9|          2|    1|          2|
    |ap_sync_reg_channel_write_truncated_length_his    |   9|          2|    1|          2|
    |ap_sync_reg_channel_write_truncated_length_his_1  |   9|          2|    1|          2|
    +--------------------------------------------------+----+-----------+-----+-----------+
    |Total                                             |  81|         18|    9|         18|
    +--------------------------------------------------+----+-----------+-----+-----------+

    * Register: 
    +--------------------------------------------------+---+----+-----+-----------+
    |                       Name                       | FF| LUT| Bits| Const Bits|
    +--------------------------------------------------+---+----+-----+-----------+
    |ap_sync_reg_channel_write_filtered_frequency_V    |  1|   0|    1|          0|
    |ap_sync_reg_channel_write_filtered_value_V        |  1|   0|    1|          0|
    |ap_sync_reg_channel_write_left_V                  |  1|   0|    1|          0|
    |ap_sync_reg_channel_write_parent_V                |  1|   0|    1|          0|
    |ap_sync_reg_channel_write_right_V                 |  1|   0|    1|          0|
    |ap_sync_reg_channel_write_sorted_0                |  1|   0|    1|          0|
    |ap_sync_reg_channel_write_sorted_1                |  1|   0|    1|          0|
    |ap_sync_reg_channel_write_truncated_length_his    |  1|   0|    1|          0|
    |ap_sync_reg_channel_write_truncated_length_his_1  |  1|   0|    1|          0|
    +--------------------------------------------------+---+----+-----+-----------+
    |Total                                             |  9|   0|    9|          0|
    +--------------------------------------------------+---+----+-----+-----------+



================================================================
== Interface
================================================================
* Summary: 
+---------------------------------------+-----+-----+------------+------------------------------+--------------+
|               RTL Ports               | Dir | Bits|  Protocol  |         Source Object        |    C Type    |
+---------------------------------------+-----+-----+------------+------------------------------+--------------+
|ap_clk                                 |  in |    1| ap_ctrl_hs |       huffman_encoding       | return value |
|ap_rst                                 |  in |    1| ap_ctrl_hs |       huffman_encoding       | return value |
|ap_start                               |  in |    1| ap_ctrl_hs |       huffman_encoding       | return value |
|ap_done                                | out |    1| ap_ctrl_hs |       huffman_encoding       | return value |
|ap_ready                               | out |    1| ap_ctrl_hs |       huffman_encoding       | return value |
|ap_idle                                | out |    1| ap_ctrl_hs |       huffman_encoding       | return value |
|symbol_histogram_value_V_address0      | out |    8|  ap_memory |   symbol_histogram_value_V   |     array    |
|symbol_histogram_value_V_ce0           | out |    1|  ap_memory |   symbol_histogram_value_V   |     array    |
|symbol_histogram_value_V_d0            | out |    9|  ap_memory |   symbol_histogram_value_V   |     array    |
|symbol_histogram_value_V_q0            |  in |    9|  ap_memory |   symbol_histogram_value_V   |     array    |
|symbol_histogram_value_V_we0           | out |    1|  ap_memory |   symbol_histogram_value_V   |     array    |
|symbol_histogram_value_V_address1      | out |    8|  ap_memory |   symbol_histogram_value_V   |     array    |
|symbol_histogram_value_V_ce1           | out |    1|  ap_memory |   symbol_histogram_value_V   |     array    |
|symbol_histogram_value_V_d1            | out |    9|  ap_memory |   symbol_histogram_value_V   |     array    |
|symbol_histogram_value_V_q1            |  in |    9|  ap_memory |   symbol_histogram_value_V   |     array    |
|symbol_histogram_value_V_we1           | out |    1|  ap_memory |   symbol_histogram_value_V   |     array    |
|symbol_histogram_frequency_V_address0  | out |    8|  ap_memory | symbol_histogram_frequency_V |     array    |
|symbol_histogram_frequency_V_ce0       | out |    1|  ap_memory | symbol_histogram_frequency_V |     array    |
|symbol_histogram_frequency_V_d0        | out |   32|  ap_memory | symbol_histogram_frequency_V |     array    |
|symbol_histogram_frequency_V_q0        |  in |   32|  ap_memory | symbol_histogram_frequency_V |     array    |
|symbol_histogram_frequency_V_we0       | out |    1|  ap_memory | symbol_histogram_frequency_V |     array    |
|symbol_histogram_frequency_V_address1  | out |    8|  ap_memory | symbol_histogram_frequency_V |     array    |
|symbol_histogram_frequency_V_ce1       | out |    1|  ap_memory | symbol_histogram_frequency_V |     array    |
|symbol_histogram_frequency_V_d1        | out |   32|  ap_memory | symbol_histogram_frequency_V |     array    |
|symbol_histogram_frequency_V_q1        |  in |   32|  ap_memory | symbol_histogram_frequency_V |     array    |
|symbol_histogram_frequency_V_we1       | out |    1|  ap_memory | symbol_histogram_frequency_V |     array    |
|encoding_V_address0                    | out |    8|  ap_memory |          encoding_V          |     array    |
|encoding_V_ce0                         | out |    1|  ap_memory |          encoding_V          |     array    |
|encoding_V_d0                          | out |   32|  ap_memory |          encoding_V          |     array    |
|encoding_V_q0                          |  in |   32|  ap_memory |          encoding_V          |     array    |
|encoding_V_we0                         | out |    1|  ap_memory |          encoding_V          |     array    |
|encoding_V_address1                    | out |    8|  ap_memory |          encoding_V          |     array    |
|encoding_V_ce1                         | out |    1|  ap_memory |          encoding_V          |     array    |
|encoding_V_d1                          | out |   32|  ap_memory |          encoding_V          |     array    |
|encoding_V_q1                          |  in |   32|  ap_memory |          encoding_V          |     array    |
|encoding_V_we1                         | out |    1|  ap_memory |          encoding_V          |     array    |
|num_nonzero_symbols                    | out |   32|   ap_vld   |      num_nonzero_symbols     |    pointer   |
|num_nonzero_symbols_ap_vld             | out |    1|   ap_vld   |      num_nonzero_symbols     |    pointer   |
+---------------------------------------+-----+-----+------------+------------------------------+--------------+

